
====================
ADD FILE MAIN BRANCH
=====================
git status
git add .
git commit -m "initial"
git push origin main

#thaniteus@DESKTOP-71V5RK2:~/codings$ git add READMEmd                                                                                                                                                
thaniteus@DESKTOP-71V5RK2:~/codings$ git commit -m "first commit"
[main (root-commit) 6a0bee6] first commit
 1 file changed, 1 insertion(+)
 create mode 100644 README.md
thaniteus@DESKTOP-71V5RK2:~/codings$ git push -u origin main
Enumerating objects: 3, done.
Counting objects: 100% (3/3), done.
Writing objects: 100% (3/3), 219 bytes | 219.00 KiB/s, done.
Total 3 (delta 0), reused 0 (delta 0), pack-reused 0
To github.com:Thanitus/scriptings.git
 * [new branch]      main -> main
Branch 'main' set up to track remote branch 'main' from 'origin'.


================
>CONNECTION TEST
================
eval "$(ssh-agent -s)"
ssh-add ~/.ssh/id_git

thaniteus@DESKTOP-71V5RK2:~/GIT$ ssh-add ~/.ssh/id_git
Identity added: /home/thaniteus/.ssh/id_git (icankil@gmail.com)
thaniteus@DESKTOP-71V5RK2:~/GIT$ ssh -T git@github.com
Hi Thanitus! You've successfully authenticated, but GitHub does not provide shell access.

thaniteus@DESKTOP-71V5RK2:~/GIT/D4$ ssh -T git@github.com
Hi Thanitus! You've successfully authenticated, but GitHub does not provide shell access.
thaniteus@DESKTOP-71V5RK2:~/GIT/D4$ ssh-add -l -E sha256
4096 SHA256:HPcdf6ubP5ndFl3CHJ9ptxHwha6Zwt7PMing6X83Dbk icankil@gmail.com (RSA)

git remote add origin git@github.com:thaniteus/D4.git
git config --global user.email "icankil@gmail.com"
git config --global user.name "Thanitus"



====
PULL 
====
thaniteus@DESKTOP-71V5RK2:~/GIT/D4$ git pull origin main
From github.com:Thanitus/D4
 * branch            main       -> FETCH_HEAD
Merge made by the 'ort' strategy.
 second2.txt | 3 +++
 1 file changed, 3 insertions(+)
 create mode 100644 second2.txt


===================================
 UPDATE FILE LOCALLY / CREATE BRANCH
===================================
git branch <name>
>git branch ZD123/ADDUSER
git checkout <name>
>git checkout ZD123/ADDUSER
>Switched to branch 'ZD123/ADDUSER'

>MODIFY THE TARGET  FILE EX <README.md>

git status
>On branch ZD123/ADDUSER
>Changes not staged for commit:
>modified:   README.md

git add README.md

git commit -m "<descriptionOfCommit>"
>git commit -m "Updated README.md"

git push origin <nameOfBranch>
>git push origin ZD123/ADDUSER


>GO TO GITHUB UI to Checkout new branch, Compare and Merge


==============
#DELETE BRANCH
==============
1. To delete your local branch, go to your repository using git bash and execute the command:
git branch -d <branch_name> 
2. Now you can delete your remote branch that is hosted on GitHub:
git push origin --delete <branch_name> 
